country/BRA,2023,var1,0.19,countryalpha3codes.csv
country/JPN,2023,var1,0.21,countryalpha3codes.csv
country/BRA,2023,var2,6,countryalpha3codes.csv
country/JPN,2023,var2,56,countryalpha3codes.csv
